npm error code ERESOLVE
npm error ERESOLVE unable to resolve dependency tree
npm error
npm error While resolving: frontend@0.1.0
npm error Found: react@19.2.4
npm error node_modules/react
npm error   react@"19.2.4" from the root project
npm error
npm error Could not resolve dependency:
npm error peer react@"^16.5.1 || ^17.0.0 || ^18.0.0" from lucide-react@0.378.0
npm error node_modules/lucide-react
npm error   lucide-react@"^0.378.0" from the root project
npm error
npm error Fix the upstream dependency conflict, or retry
npm error this command with --force or --legacy-peer-deps
npm error to accept an incorrect (and potentially broken) dependency resolution.
npm error
npm error
npm error For a full report see:
npm error /home/sai/.npm/_logs/2026-05-25T12_28_59_048Z-eresolve-report.txt
npm error A complete log of this run can be found in: /home/sai/.npm/_logs/2026-05-25T12_28_59_048Z-debug-0.log
